<html>
<body>
<pre>
<h1>µVision Build Log</h1>
<h2>Tool Versions:</h2>
IDE-Version: ¦ÌVision V5.21.1.0
Copyright (C) 2016 ARM Ltd and ARM Germany GmbH. All rights reserved.
License Information: zhangqin Microsoft, Microsoft, LIC=EPPDY-I8G6X-LUL4M-XU4LR-AFN8K-Q3IBE
 
Tool Versions:
Toolchain:       MDK-ARM Professional  Version: 5.21a
Toolchain Path:  F:\Keil_5.14\Loaded_521\ARM\ARMCC\Bin
C Compiler:      Armcc.exe V5.06 update 3 (build 300)
Assembler:       Armasm.exe V5.06 update 3 (build 300)
Linker/Locator:  ArmLink.exe V5.06 update 3 (build 300)
Library Manager: ArmAr.exe V5.06 update 3 (build 300)
Hex Converter:   FromElf.exe V5.06 update 3 (build 300)
CPU DLL:         SARMCM3.DLL V5.21a
Dialog DLL:      DCM.DLL V1.13.8.0
Target DLL:      Segger\JL2CM3.dll V2.99.23.0
Dialog DLL:      TCM.DLL V1.14.14.0
 
<h2>Project:</h2>
F:\MY_DATE\Innovation_Project_Yang\PRJ\Innovative_Program.uvprojx
Project File Date:  10/10/2017

<h2>Output:</h2>
*** Using Compiler 'V5.06 update 3 (build 300)', folder: 'F:\Keil_5.14\Loaded_521\ARM\ARMCC\Bin'
Rebuild target 'Innovative_Program'
compiling stm32f4xx_it.c...
compiling main.c...
compiling key.c...
compiling infraded.c...
compiling led.c...
compiling lcd.c...
compiling iwdg.c...
compiling esp8266_uart.c...
compiling esp8266.c...
compiling w25qxx.c...
compiling touch.c...
compiling dht11.C...
compiling motor.c...
compiling spi.c...
compiling savedata.C...
compiling C02.c...
compiling sys.c...
compiling uart.c...
compiling delay.c...
compiling adc.c...
compiling misc.c...
compiling stm32f4xx_fsmc.c...
compiling stm32f4xx_gpio.c...
compiling stm32f4xx_iwdg.c...
compiling stm32f4xx_rcc.c...
compiling stm32f4xx_syscfg.c...
compiling stm32f4xx_usart.c...
compiling stm32f4xx_exti.c...
compiling stm32f4xx_spi.c...
compiling stm32f4xx_tim.c...
compiling stm32f4xx_adc.c...
assembling startup_stm32f40_41xxx.s...
compiling system_stm32f4xx.c...
compiling HTTP_Demo.c...
compiling os_core.c...
compiling os_flag.c...
compiling os_mbox.c...
compiling os_mem.c...
compiling os_mutex.c...
compiling os_q.c...
compiling os_sem.c...
compiling os_task.c...
compiling os_time.c...
compiling os_tmr.c...
assembling os_cpu_a.asm...
compiling os_cpu_c.c...
linking...
Program Size: Code=56804 RO-data=7592 RW-data=248 ZI-data=15272  
FromELF: creating hex file...
".\Objects\Innovative_Program.axf" - 0 Error(s), 0 Warning(s).

<h2>Collection of Component include folders:</h2>
  F:\MY_DATE\Innovation_Project_Yang\PRJ\RTE
  F:\Keil_5.14\Loaded_521\ARM\PACK\Keil\STM32F4xx_DFP\2.10.0\Drivers\CMSIS\Device\ST\STM32F4xx\Include

<h2>Collection of Component Files used:</h2>
Build Time Elapsed:  00:00:32
</pre>
</body>
</html>
